[ { "op": "replace", "path": "/metadata/annotations", "value": {  } }, { "op": "replace", "path": "/data", "value": {  } } ]