[ { "op": "replace", "path": "/metadata/annotations", "value": {  "org.kie.kogito.protobuf.hash/travels": "8aa1ca180547a589d2d681fe111117e8", "org.kie.kogito.protobuf.hash/visaApplications": "62004537e95b23ddd4a9da5a13920250" } }, { "op": "replace", "path": "/data", "value": {  "travels.proto": "syntax = \"proto2\"; \npackage org.acme.travels.travels; \nimport \"kogito-index.proto\";\nimport \"kogito-types.proto\";\noption kogito_model = \"Travels\";\noption kogito_id = \"travels\";\n\n/* @Indexed */ \nmessage Address { \n  option java_package = \"org.acme.travels.travels\";\n  /* @Field(store = Store.YES, analyze = Analyze.YES) */ \n  optional string city = 1; \n  /* @Field(store = Store.YES, analyze = Analyze.YES) */ \n  optional string country = 2; \n  /* @Field(store = Store.YES, analyze = Analyze.YES) */ \n  optional string street = 3; \n  /* @Field(store = Store.YES, analyze = Analyze.YES) */ \n  optional string zipCode = 4; \n}\n/* @Indexed */ \nmessage Flight { \n  option java_package = \"org.acme.travels.travels\";\n  /* @Field(store = Store.YES, analyze = Analyze.YES) */ \n  optional kogito.Date arrival = 1; \n  /* @Field(store = Store.YES, analyze = Analyze.YES) */ \n  optional kogito.Date departure = 2; \n  /* @Field(store = Store.YES, analyze = Analyze.YES) */ \n  optional string flightNumber = 3; \n  /* @Field(store = Store.YES, analyze = Analyze.YES) */ \n  optional string gate = 4; \n  /* @Field(store = Store.YES, analyze = Analyze.YES) */ \n  optional string seat = 5; \n}\n/* @Indexed */ \nmessage Hotel { \n  option java_package = \"org.acme.travels.travels\";\n  /* @Field(store = Store.YES, analyze = Analyze.YES) */ \n  optional Address address = 1; \n  /* @Field(store = Store.YES, analyze = Analyze.YES) */ \n  optional string bookingNumber = 2; \n  /* @Field(store = Store.YES, analyze = Analyze.YES) */ \n  optional string name = 3; \n  /* @Field(store = Store.YES, analyze = Analyze.YES) */ \n  optional string phone = 4; \n  /* @Field(store = Store.YES, analyze = Analyze.YES) */ \n  optional string room = 5; \n}\n/* @Indexed */ \nmessage Traveller { \n  option java_package = \"org.acme.travels.travels\";\n  /* @Field(store = Store.YES, analyze = Analyze.YES) */ \n  optional Address address = 1; \n  /* @Field(store = Store.YES, analyze = Analyze.YES) */ \n  optional string email = 2; \n  /* @Field(store = Store.YES, analyze = Analyze.YES) */ \n  optional string firstName = 3; \n  /* @Field(store = Store.YES, analyze = Analyze.YES) */ \n  optional string lastName = 4; \n  /* @Field(store = Store.YES, analyze = Analyze.YES) */ \n  optional string nationality = 5; \n}\n/* @Indexed */ \nmessage Travels { \n  option java_package = \"org.acme.travels.travels\";\n  /* @Field(store = Store.YES, analyze = Analyze.YES) */ \n  optional Flight flight = 1; \n  /* @Field(store = Store.YES, analyze = Analyze.YES) */ \n  optional Hotel hotel = 2; \n  /* @Field(store = Store.YES, analyze = Analyze.YES) */ \n  optional string id = 3; \n  /* @Field(store = Store.YES, analyze = Analyze.YES) */ \n  optional Traveller traveller = 4; \n  /* @Field(store = Store.YES, analyze = Analyze.YES) */ \n  optional Trip trip = 5; \n  /* @Field(store = Store.YES, analyze = Analyze.YES) */ \n  optional VisaApplication visaApplication = 6; \n  /* @Field(store = Store.YES, analyze = Analyze.YES) */ \n  repeated org.kie.kogito.index.model.ProcessInstanceMeta processInstances = 7; \n  /* @Field(store = Store.YES, analyze = Analyze.YES) */ \n  repeated org.kie.kogito.index.model.UserTaskInstanceMeta userTasks = 8; \n}\n/* @Indexed */ \nmessage Trip { \n  option java_package = \"org.acme.travels.travels\";\n  /* @Field(store = Store.YES, analyze = Analyze.YES) */ \n  optional kogito.Date begin = 1; \n  /* @Field(store = Store.YES, analyze = Analyze.YES) */ \n  optional string city = 2; \n  /* @Field(store = Store.YES, analyze = Analyze.YES) */ \n  optional string country = 3; \n  /* @Field(store = Store.YES, analyze = Analyze.YES) */ \n  optional kogito.Date end = 4; \n  /* @Field(store = Store.YES, analyze = Analyze.YES) */ \n  optional bool visaRequired = 5; \n}\n/* @Indexed */ \nmessage VisaApplication { \n  option java_package = \"org.acme.travels.travels\";\n  /* @Field(store = Store.YES, analyze = Analyze.YES) */ \n  optional bool approved = 1; \n  /* @Field(store = Store.YES, analyze = Analyze.YES) */ \n  optional string city = 2; \n  /* @Field(store = Store.YES, analyze = Analyze.YES) */ \n  optional string country = 3; \n  /* @Field(store = Store.YES, analyze = Analyze.YES) */ \n  optional int32 duration = 4; \n  /* @Field(store = Store.YES, analyze = Analyze.YES) */ \n  optional string firstName = 5; \n  /* @Field(store = Store.YES, analyze = Analyze.YES) */ \n  optional string lastName = 6; \n  /* @Field(store = Store.YES, analyze = Analyze.YES) */ \n  optional string nationality = 7; \n  /* @Field(store = Store.YES, analyze = Analyze.YES) */ \n  optional string passportNumber = 8; \n}\n", "visaApplications.proto": " syntax = \"proto2\"; \n    package org.acme.travels.visaApplications; \n    import \"kogito-index.proto\";\n    import \"kogito-types.proto\";\n    option kogito_model = \"VisaApplications\";\n    option kogito_id = \"visaApplications\";\n\n    /* @Indexed */ \n    message VisaApplication { \n      option java_package = \"org.acme.travels.visaApplications\";\n      /* @Field(store = Store.YES, analyze = Analyze.YES) */ \n      optional bool approved = 1; \n      /* @Field(store = Store.YES, analyze = Analyze.YES) */ \n      optional string city = 2; \n      /* @Field(store = Store.YES, analyze = Analyze.YES) */ \n      optional string country = 3; \n      /* @Field(store = Store.YES, analyze = Analyze.YES) */ \n      optional int32 duration = 4; \n      /* @Field(store = Store.YES, analyze = Analyze.YES) */ \n      optional string firstName = 5; \n      /* @Field(store = Store.YES, analyze = Analyze.YES) */ \n      optional string lastName = 6; \n      /* @Field(store = Store.YES, analyze = Analyze.YES) */ \n      optional string nationality = 7; \n      /* @Field(store = Store.YES, analyze = Analyze.YES) */ \n      optional string passportNumber = 8; \n    }\n    /* @Indexed */ \n    message VisaApplications { \n      option java_package = \"org.acme.travels.visaApplications\";\n      /* @Field(store = Store.YES, analyze = Analyze.YES) */ \n      optional string id = 1; \n      /* @Field(store = Store.YES, analyze = Analyze.YES) */ \n      optional VisaApplication visaApplication = 2; \n      /* @Field(store = Store.YES, analyze = Analyze.YES) */ \n      repeated org.kie.kogito.index.model.ProcessInstanceMeta processInstances = 3; \n      /* @Field(store = Store.YES, analyze = Analyze.YES) */ \n      repeated org.kie.kogito.index.model.UserTaskInstanceMeta userTasks = 4; \n    }\n" } } ]